
> mindlab-frontend@1.0.0 build
> vite build

[36mvite v5.4.21 [32mbuilding for production...[36m[39m
transforming...
src/features/adults/AdultsLanding.tsx (1:0): Error when using sourcemap for reporting an error: Can't resolve original location of error.
src/features/adults/AdultsLanding.tsx (1:0): Module level directives cause errors when bundled, "use client" in "src/features/adults/AdultsLanding.tsx" was ignored.
src/features/adults/AdultsSessionModeSelector.tsx (1:0): Error when using sourcemap for reporting an error: Can't resolve original location of error.
src/features/adults/AdultsSessionModeSelector.tsx (1:0): Module level directives cause errors when bundled, "use client" in "src/features/adults/AdultsSessionModeSelector.tsx" was ignored.
src/features/adults/AdultsGameplayPanel.tsx (1:0): Error when using sourcemap for reporting an error: Can't resolve original location of error.
src/features/adults/AdultsGameplayPanel.tsx (1:0): Module level directives cause errors when bundled, "use client" in "src/features/adults/AdultsGameplayPanel.tsx" was ignored.
node_modules/react-router/dist/development/index.mjs (11:0): Module level directives cause errors when bundled, "use client" in "node_modules/react-router/dist/development/index.mjs" was ignored.
node_modules/react-router/dist/development/dom-export.mjs (1:0): Module level directives cause errors when bundled, "use client" in "node_modules/react-router/dist/development/dom-export.mjs" was ignored.
src/features/adults/AdultsPostSessionInsightPanel.tsx (1:0): Error when using sourcemap for reporting an error: Can't resolve original location of error.
src/features/adults/AdultsPostSessionInsightPanel.tsx (1:0): Module level directives cause errors when bundled, "use client" in "src/features/adults/AdultsPostSessionInsightPanel.tsx" was ignored.
[32m✓[39m 74 modules transformed.
rendering chunks...
computing gzip size...
[2mdist/[22m[32mindex.html                 [39m[1m[2m  0.39 kB[22m[1m[22m[2m │ gzip:  0.27 kB[22m
[2mdist/[22m[35massets/index-CAe3yHlF.css  [39m[1m[2m  0.66 kB[22m[1m[22m[2m │ gzip:  0.35 kB[22m
[2mdist/[22m[36massets/index-BvhDPgOe.js   [39m[1m[2m284.00 kB[22m[1m[22m[2m │ gzip: 87.51 kB[22m
[32m✓ built in 3.05s[39m
